// Jest Snapshot v1, https://goo.gl/fbAQLP

exports[`Search Render Search Component 1`] = `
<div>
  <h2>
    Cari Cerita
  </h2>
  <input
    onChange={[Function]}
    placeholder="Tulis Cerita"
    type="text"
  />
  <button
    onClick={[Function]}
    type="button"
  >
    Cari Cerita
  </button>
   
  <br />
  <ul />
</div>
`;
